
[TestGolden_CommandMetadataWithActor - 1]
{
  "correlationId": "01HK1540X0841Y0A6BSX1VKR97",
  "causationId": "01HK1540X0841Y0A6BSX1VKR98",
  "userId": "01HK1540X0841Y0A6BSX1VKR99",
  "requestId": "01HK1540X0841Y0A6BSX1VKRA1",
  "actorId": "system:scheduler",
  "custom": {
    "custom.trace": "abc123",
    "tenant": "acme"
  }
}
---
