
[TestGolden_RetryConfigValidation - 1]
[
  {
    "name": "max_attempts_zero",
    "error": "[rejection:middleware.invalid_max_attempts] MaxAttempts must be >= 1, got 0: [rejection:middleware.validation_failed] validation failed"
  },
  {
    "name": "initial_delay_negative",
    "error": "[rejection:middleware.invalid_initial_delay] InitialDelay must be positive, got -1ns: [rejection:middleware.validation_failed] validation failed"
  },
  {
    "name": "multiplier_one",
    "error": "[rejection:middleware.invalid_multiplier] Multiplier must be > 1, got 1.000000: [rejection:middleware.validation_failed] validation failed"
  }
]
---
