{
  "path": "/example/project",
  "configFound": false,
  "parentConfigs": [
    "/example/.cqrs-lint.json"
  ],
  "preset": "v5-ready",
  "severityFloor": "",
  "minConfidence": "medium",
  "rulesTotal": 185,
  "rulesActive": 183,
  "rulesDisabled": 2,
  "disabledFromConfig": [
    "B001",
    "V007"
  ],
  "severityOverrides": {
    "V007": "error",
    "S011": "error"
  },
  "features": {
    "Store": "sqlite",
    "CommandFlow": "commands",
    "HasServer": false,
    "HasSoftDelete": false,
    "Tracing": "on",
    "Snapshot": "off",
    "Domain": "",
    "HasAsyncBus": false,
    "HasTransport": false,
    "ServerLocal": false,
    "HasMetaengine": false,
    "MetaengineEngines": [],
    "MetaenginePushdown": false,
    "Monetary": ""
  },
  "modules": [
    {
      "module": "/example/project",
      "profile": {
        "Store": "sqlite",
        "CommandFlow": "commands",
        "HasServer": false,
        "HasSoftDelete": false,
        "Tracing": "",
        "Snapshot": "",
        "Domain": "",
        "HasAsyncBus": false,
        "HasTransport": false,
        "ServerLocal": false,
        "HasMetaengine": false,
        "MetaengineEngines": [],
        "MetaenginePushdown": false,
        "Monetary": ""
      }
    },
    {
      "module": "/example/project/examples",
      "profile": {
        "Store": "memory",
        "CommandFlow": "",
        "HasServer": true,
        "HasSoftDelete": false,
        "Tracing": "",
        "Snapshot": "",
        "Domain": "",
        "HasAsyncBus": false,
        "HasTransport": false,
        "ServerLocal": false,
        "HasMetaengine": false,
        "MetaengineEngines": [],
        "MetaenginePushdown": false,
        "Monetary": ""
      }
    }
  ]
}