{
  "path": "/example/project",
  "configFound": false,
  "parentConfigs": [
    "/example/.cqrs-lint.json"
  ],
  "preset": "v5-ready",
  "severityFloor": "",
  "minConfidence": "medium",
  "rulesTotal": 185,
  "rulesActive": 183,
  "rulesDisabled": 2,
  "disabledFromConfig": [
    "B001",
    "V007"
  ],
  "severityOverrides": {
    "S011": "error",
    "V007": "error"
  },
  "features": {
    "store": "sqlite",
    "commandFlow": "commands",
    "hasServer": false,
    "hasSoftDelete": false,
    "tracing": "on",
    "snapshot": "off",
    "domain": "unknown",
    "hasAsyncBus": false,
    "hasTransport": false,
    "serverLocal": false,
    "hasMetaengine": false,
    "metaengineEngines": [],
    "metaenginePushdown": false,
    "monetary": "unknown"
  },
  "modules": [
    {
      "module": "/example/project",
      "profile": {
        "store": "sqlite",
        "commandFlow": "commands",
        "hasServer": false,
        "hasSoftDelete": false,
        "tracing": "",
        "snapshot": "",
        "domain": "",
        "hasAsyncBus": false,
        "hasTransport": false,
        "serverLocal": false,
        "hasMetaengine": false,
        "metaengineEngines": [],
        "metaenginePushdown": false,
        "monetary": ""
      }
    },
    {
      "module": "/example/project/examples",
      "profile": {
        "store": "memory",
        "commandFlow": "",
        "hasServer": true,
        "hasSoftDelete": false,
        "tracing": "",
        "snapshot": "",
        "domain": "",
        "hasAsyncBus": false,
        "hasTransport": false,
        "serverLocal": false,
        "hasMetaengine": false,
        "metaengineEngines": [],
        "metaenginePushdown": false,
        "monetary": ""
      }
    }
  ]
}